[level]
tileset = sprites/ground.png
map =   ###################################################
        ###################################################
        #.................................................#
        #.................................................#
        #.................................................#
        #.................................................#
        #.................................................#
        #.................................................#
        #.................................................#
        #.................................................#
        #.................................................#
        #.................................................#
        #.................................................#
        #.................................................#
        #.................................................#
        #.................................................#
        #.................................................#
        ###################################################
        ###################################################

[#]
name = wall
wall = true
block = true

[.]
name = floor
tile = 0, 3

[@]
name = player
tile = 0, 3
player = true
sprite = sprites/player.png

[s]
name = skeleton
tile = 0, 3
sprite = sprites/skeleton.png
block = true

[>]
name = stairs
tile = 3, 3

[b]
name = crate
tile = 0, 3
sprite = sprites/crate.png
block = true

[c]
name = castle
tile = 0, 3
sprite = sprites/castle.png
block = true
